2026-07-30 21:02:59,677 [INFO] Starting Sunny Lessons server on :8089
2026-07-30 21:02:59,740 [ERROR] Poll error: HTTP Error 401: Unauthorized
2026-07-30 21:03:01,792 [ERROR] Poll error: HTTP Error 401: Unauthorized
2026-07-30 21:03:03,852 [ERROR] Poll error: HTTP Error 401: Unauthorized
2026-07-30 21:03:05,922 [ERROR] Poll error: HTTP Error 401: Unauthorized
2026-07-30 21:03:08,001 [ERROR] Poll error: HTTP Error 401: Unauthorized
2026-07-30 21:03:10,079 [ERROR] Poll error: HTTP Error 401: Unauthorized
2026-07-30 21:03:12,137 [ERROR] Poll error: HTTP Error 401: Unauthorized
2026-07-30 21:03:14,189 [ERROR] Poll error: HTTP Error 401: Unauthorized
2026-07-30 21:03:16,259 [ERROR] Poll error: HTTP Error 401: Unauthorized
2026-07-30 21:03:18,312 [ERROR] Poll error: HTTP Error 401: Unauthorized
2026-07-30 21:03:19,137 [INFO] Callback query: data=close_5, user_id=1139186144, chat_id=1139186144, admin_chat_id=1139186144
2026-07-30 21:03:19,183 [ERROR] Telegram send error: HTTP Error 401: Unauthorized
2026-07-30 21:03:19,183 [INFO] Lesson 5 closed by admin (user_id=1139186144)
2026-07-30 21:03:19,208 [ERROR] Error answering callback query: HTTP Error 401: Unauthorized
2026-07-30 21:03:20,367 [ERROR] Poll error: HTTP Error 401: Unauthorized
2026-07-30 21:03:22,479 [ERROR] Poll error: HTTP Error 401: Unauthorized
2026-07-30 21:03:24,531 [ERROR] Poll error: HTTP Error 401: Unauthorized
2026-07-30 21:03:26,591 [ERROR] Poll error: HTTP Error 401: Unauthorized
2026-07-30 21:03:28,666 [ERROR] Poll error: HTTP Error 401: Unauthorized
2026-07-30 21:03:30,720 [ERROR] Poll error: HTTP Error 401: Unauthorized
2026-07-30 21:03:32,776 [ERROR] Poll error: HTTP Error 401: Unauthorized
2026-07-30 21:03:34,824 [ERROR] Poll error: HTTP Error 401: Unauthorized
2026-07-30 21:03:36,867 [ERROR] Poll error: HTTP Error 401: Unauthorized
2026-07-30 21:03:38,914 [ERROR] Poll error: HTTP Error 401: Unauthorized
2026-07-30 21:03:40,959 [ERROR] Poll error: HTTP Error 401: Unauthorized
2026-07-30 21:03:43,016 [ERROR] Poll error: HTTP Error 401: Unauthorized
2026-07-30 21:03:45,063 [ERROR] Poll error: HTTP Error 401: Unauthorized
2026-07-30 21:03:47,102 [ERROR] Poll error: HTTP Error 401: Unauthorized
2026-07-30 21:03:49,148 [ERROR] Poll error: HTTP Error 401: Unauthorized
2026-07-30 21:03:51,196 [ERROR] Poll error: HTTP Error 401: Unauthorized
2026-07-30 21:03:53,244 [ERROR] Poll error: HTTP Error 401: Unauthorized
2026-07-30 21:03:55,289 [ERROR] Poll error: HTTP Error 401: Unauthorized
2026-07-30 21:03:57,331 [ERROR] Poll error: HTTP Error 401: Unauthorized
2026-07-30 21:03:58,596 [INFO] Callback query: data=reset_all, user_id=1139186144, chat_id=1139186144, admin_chat_id=1139186144
2026-07-30 21:03:58,715 [ERROR] Telegram send error: HTTP Error 401: Unauthorized
2026-07-30 21:03:58,716 [INFO] Progress reset by admin
2026-07-30 21:03:58,756 [ERROR] Error answering callback query: HTTP Error 401: Unauthorized
2026-07-30 21:03:59,376 [ERROR] Poll error: HTTP Error 401: Unauthorized
2026-07-30 21:04:01,413 [ERROR] Poll error: HTTP Error 401: Unauthorized
2026-07-30 21:04:03,468 [ERROR] Poll error: HTTP Error 401: Unauthorized
2026-07-30 21:04:05,515 [ERROR] Poll error: HTTP Error 401: Unauthorized
2026-07-30 21:04:07,552 [ERROR] Poll error: HTTP Error 401: Unauthorized
2026-07-30 21:04:09,600 [ERROR] Poll error: HTTP Error 401: Unauthorized
2026-07-30 21:04:11,665 [ERROR] Poll error: HTTP Error 401: Unauthorized
2026-07-30 21:04:13,720 [ERROR] Poll error: HTTP Error 401: Unauthorized
2026-07-30 21:04:15,769 [ERROR] Poll error: HTTP Error 401: Unauthorized
2026-07-30 21:04:17,826 [ERROR] Poll error: HTTP Error 401: Unauthorized
2026-07-30 21:04:19,872 [ERROR] Poll error: HTTP Error 401: Unauthorized
2026-07-30 21:04:21,922 [ERROR] Poll error: HTTP Error 401: Unauthorized
2026-07-30 21:04:23,954 [ERROR] Poll error: HTTP Error 401: Unauthorized
2026-07-30 21:04:25,981 [ERROR] Poll error: HTTP Error 401: Unauthorized
2026-07-30 21:04:28,024 [ERROR] Poll error: HTTP Error 401: Unauthorized
2026-07-30 21:04:30,076 [ERROR] Poll error: HTTP Error 401: Unauthorized
2026-07-30 21:04:32,119 [ERROR] Poll error: HTTP Error 401: Unauthorized
2026-07-30 21:04:34,161 [ERROR] Poll error: HTTP Error 401: Unauthorized
2026-07-30 21:04:36,211 [ERROR] Poll error: HTTP Error 401: Unauthorized
2026-07-30 21:04:38,260 [ERROR] Poll error: HTTP Error 401: Unauthorized
2026-07-30 21:04:40,306 [ERROR] Poll error: HTTP Error 401: Unauthorized
2026-07-30 21:04:42,352 [ERROR] Poll error: HTTP Error 401: Unauthorized
2026-07-30 21:04:44,394 [ERROR] Poll error: HTTP Error 401: Unauthorized
2026-07-30 21:04:46,431 [ERROR] Poll error: HTTP Error 401: Unauthorized
2026-07-30 21:04:48,480 [ERROR] Poll error: HTTP Error 401: Unauthorized
2026-07-30 21:04:50,511 [ERROR] Poll error: HTTP Error 401: Unauthorized
2026-07-30 21:04:52,549 [ERROR] Poll error: HTTP Error 401: Unauthorized
2026-07-30 21:04:54,599 [ERROR] Poll error: HTTP Error 401: Unauthorized
2026-07-30 21:04:56,638 [ERROR] Poll error: HTTP Error 401: Unauthorized
2026-07-30 21:04:58,696 [ERROR] Poll error: HTTP Error 401: Unauthorized
2026-07-30 21:05:00,731 [ERROR] Poll error: HTTP Error 401: Unauthorized
2026-07-30 21:05:02,775 [ERROR] Poll error: HTTP Error 401: Unauthorized
2026-07-30 21:05:04,812 [ERROR] Poll error: HTTP Error 401: Unauthorized
2026-07-30 21:05:06,867 [ERROR] Poll error: HTTP Error 401: Unauthorized
2026-07-30 21:05:08,909 [ERROR] Poll error: HTTP Error 401: Unauthorized
2026-07-30 21:05:10,951 [ERROR] Poll error: HTTP Error 401: Unauthorized
2026-07-30 21:05:12,983 [ERROR] Poll error: HTTP Error 401: Unauthorized
2026-07-30 21:05:15,037 [ERROR] Poll error: HTTP Error 401: Unauthorized
2026-07-30 21:05:17,088 [ERROR] Poll error: HTTP Error 401: Unauthorized
2026-07-30 21:05:19,135 [ERROR] Poll error: HTTP Error 401: Unauthorized
2026-07-30 21:05:21,195 [ERROR] Poll error: HTTP Error 401: Unauthorized
2026-07-30 21:05:23,273 [ERROR] Poll error: HTTP Error 401: Unauthorized
2026-07-30 21:05:25,319 [ERROR] Poll error: HTTP Error 401: Unauthorized
2026-07-30 21:05:27,363 [ERROR] Poll error: HTTP Error 401: Unauthorized
2026-07-30 21:05:29,419 [ERROR] Poll error: HTTP Error 401: Unauthorized
2026-07-30 21:05:31,469 [ERROR] Poll error: HTTP Error 401: Unauthorized
2026-07-30 21:05:33,527 [ERROR] Poll error: HTTP Error 401: Unauthorized
2026-07-30 21:05:35,556 [ERROR] Poll error: HTTP Error 401: Unauthorized
2026-07-30 21:05:37,599 [ERROR] Poll error: HTTP Error 401: Unauthorized
2026-07-30 21:05:39,647 [ERROR] Poll error: HTTP Error 401: Unauthorized
2026-07-30 21:05:41,688 [ERROR] Poll error: HTTP Error 401: Unauthorized
2026-07-30 21:05:43,728 [ERROR] Poll error: HTTP Error 401: Unauthorized
2026-07-30 21:05:45,786 [ERROR] Poll error: HTTP Error 401: Unauthorized
2026-07-30 21:05:47,837 [ERROR] Poll error: HTTP Error 401: Unauthorized
2026-07-30 21:05:49,902 [ERROR] Poll error: HTTP Error 401: Unauthorized
2026-07-30 21:05:51,958 [ERROR] Poll error: HTTP Error 401: Unauthorized
2026-07-30 21:05:54,007 [ERROR] Poll error: HTTP Error 401: Unauthorized
2026-07-30 21:05:56,058 [ERROR] Poll error: HTTP Error 401: Unauthorized
2026-07-30 21:05:58,109 [ERROR] Poll error: HTTP Error 401: Unauthorized
2026-07-30 21:06:00,157 [ERROR] Poll error: HTTP Error 401: Unauthorized
2026-07-30 21:06:02,192 [ERROR] Poll error: HTTP Error 401: Unauthorized
2026-07-30 21:06:04,232 [ERROR] Poll error: HTTP Error 401: Unauthorized
2026-07-30 21:06:06,278 [ERROR] Poll error: HTTP Error 401: Unauthorized
2026-07-30 21:06:08,312 [ERROR] Poll error: HTTP Error 401: Unauthorized
2026-07-30 21:06:10,365 [ERROR] Poll error: HTTP Error 401: Unauthorized
2026-07-30 21:06:12,400 [ERROR] Poll error: HTTP Error 401: Unauthorized
2026-07-30 21:06:14,446 [ERROR] Poll error: HTTP Error 401: Unauthorized
2026-07-30 21:06:16,524 [ERROR] Poll error: HTTP Error 401: Unauthorized
2026-07-30 21:06:18,568 [ERROR] Poll error: HTTP Error 401: Unauthorized
2026-07-30 21:06:20,611 [ERROR] Poll error: HTTP Error 401: Unauthorized
2026-07-30 21:06:22,653 [ERROR] Poll error: HTTP Error 401: Unauthorized
2026-07-30 21:06:24,701 [ERROR] Poll error: HTTP Error 401: Unauthorized
2026-07-30 21:06:26,750 [ERROR] Poll error: HTTP Error 401: Unauthorized
2026-07-30 21:06:28,805 [ERROR] Poll error: HTTP Error 401: Unauthorized
2026-07-30 21:06:30,851 [ERROR] Poll error: HTTP Error 401: Unauthorized
2026-07-30 21:06:32,886 [ERROR] Poll error: HTTP Error 401: Unauthorized
2026-07-30 21:06:34,937 [ERROR] Poll error: HTTP Error 401: Unauthorized
2026-07-30 21:06:36,977 [ERROR] Poll error: HTTP Error 401: Unauthorized
2026-07-30 21:06:39,029 [ERROR] Poll error: HTTP Error 401: Unauthorized
2026-07-30 21:06:41,079 [ERROR] Poll error: HTTP Error 401: Unauthorized
2026-07-30 21:06:43,134 [ERROR] Poll error: HTTP Error 401: Unauthorized
2026-07-30 21:06:45,171 [ERROR] Poll error: HTTP Error 401: Unauthorized
2026-07-30 21:06:47,216 [ERROR] Poll error: HTTP Error 401: Unauthorized
2026-07-30 21:06:49,261 [ERROR] Poll error: HTTP Error 401: Unauthorized
2026-07-30 21:06:51,294 [ERROR] Poll error: HTTP Error 401: Unauthorized
2026-07-30 21:06:53,339 [ERROR] Poll error: HTTP Error 401: Unauthorized
2026-07-30 21:06:55,387 [ERROR] Poll error: HTTP Error 401: Unauthorized
2026-07-30 21:06:57,435 [ERROR] Poll error: HTTP Error 401: Unauthorized
2026-07-30 21:06:59,497 [ERROR] Poll error: HTTP Error 401: Unauthorized
2026-07-30 21:07:01,538 [ERROR] Poll error: HTTP Error 401: Unauthorized
2026-07-30 21:07:03,584 [ERROR] Poll error: HTTP Error 401: Unauthorized
2026-07-30 21:07:05,623 [ERROR] Poll error: HTTP Error 401: Unauthorized
2026-07-30 21:07:07,668 [ERROR] Poll error: HTTP Error 401: Unauthorized
2026-07-30 21:07:09,721 [ERROR] Poll error: HTTP Error 401: Unauthorized
2026-07-30 21:07:11,770 [ERROR] Poll error: HTTP Error 401: Unauthorized
2026-07-30 21:07:13,846 [ERROR] Poll error: HTTP Error 401: Unauthorized
2026-07-30 21:07:15,890 [ERROR] Poll error: HTTP Error 401: Unauthorized
2026-07-30 21:07:17,937 [ERROR] Poll error: HTTP Error 401: Unauthorized
2026-07-30 21:07:19,983 [ERROR] Poll error: HTTP Error 401: Unauthorized
2026-07-30 21:07:22,024 [ERROR] Poll error: HTTP Error 401: Unauthorized
2026-07-30 21:07:24,058 [ERROR] Poll error: HTTP Error 401: Unauthorized
2026-07-30 21:07:26,115 [ERROR] Poll error: HTTP Error 401: Unauthorized
2026-07-30 21:07:26,517 [INFO] Callback query: data=close_1, user_id=1139186144, chat_id=1139186144, admin_chat_id=1139186144
2026-07-30 21:07:26,560 [ERROR] Telegram send error: HTTP Error 401: Unauthorized
2026-07-30 21:07:26,560 [INFO] Lesson 1 closed by admin (user_id=1139186144)
2026-07-30 21:07:26,608 [ERROR] Error answering callback query: HTTP Error 401: Unauthorized
2026-07-30 21:07:26,663 [INFO] Callback query: data=close_2, user_id=1139186144, chat_id=1139186144, admin_chat_id=1139186144
2026-07-30 21:07:26,709 [ERROR] Telegram send error: HTTP Error 401: Unauthorized
2026-07-30 21:07:26,709 [INFO] Lesson 2 closed by admin (user_id=1139186144)
2026-07-30 21:07:26,751 [ERROR] Error answering callback query: HTTP Error 401: Unauthorized
2026-07-30 21:07:26,803 [INFO] Callback query: data=close_3, user_id=1139186144, chat_id=1139186144, admin_chat_id=1139186144
2026-07-30 21:07:26,853 [ERROR] Telegram send error: HTTP Error 401: Unauthorized
2026-07-30 21:07:26,853 [INFO] Lesson 3 closed by admin (user_id=1139186144)
2026-07-30 21:07:26,918 [ERROR] Error answering callback query: HTTP Error 401: Unauthorized
2026-07-30 21:07:26,984 [INFO] Callback query: data=close_7, user_id=1139186144, chat_id=1139186144, admin_chat_id=1139186144
2026-07-30 21:07:27,026 [ERROR] Telegram send error: HTTP Error 401: Unauthorized
2026-07-30 21:07:27,026 [INFO] Lesson 7 closed by admin (user_id=1139186144)
2026-07-30 21:07:27,078 [ERROR] Error answering callback query: HTTP Error 401: Unauthorized
2026-07-30 21:07:27,098 [INFO] Callback query: data=close_15, user_id=1139186144, chat_id=1139186144, admin_chat_id=1139186144
2026-07-30 21:07:27,147 [ERROR] Telegram send error: HTTP Error 401: Unauthorized
2026-07-30 21:07:27,148 [INFO] Lesson 15 closed by admin (user_id=1139186144)
2026-07-30 21:07:27,190 [ERROR] Error answering callback query: HTTP Error 401: Unauthorized
2026-07-30 21:07:28,169 [ERROR] Poll error: HTTP Error 401: Unauthorized
2026-07-30 21:07:30,214 [ERROR] Poll error: HTTP Error 401: Unauthorized
2026-07-30 21:07:32,286 [ERROR] Poll error: HTTP Error 401: Unauthorized
2026-07-30 21:07:34,333 [ERROR] Poll error: HTTP Error 401: Unauthorized
2026-07-30 21:07:36,376 [ERROR] Poll error: HTTP Error 401: Unauthorized
2026-07-30 21:07:38,426 [ERROR] Poll error: HTTP Error 401: Unauthorized
2026-07-30 21:07:40,480 [ERROR] Poll error: HTTP Error 401: Unauthorized
2026-07-30 21:07:42,518 [ERROR] Poll error: HTTP Error 401: Unauthorized
2026-07-30 21:07:44,581 [ERROR] Poll error: HTTP Error 401: Unauthorized
2026-07-30 21:07:46,618 [ERROR] Poll error: HTTP Error 401: Unauthorized
2026-07-30 21:07:48,658 [ERROR] Poll error: HTTP Error 401: Unauthorized
2026-07-30 21:07:50,719 [ERROR] Poll error: HTTP Error 401: Unauthorized
2026-07-30 21:07:51,493 [INFO] Callback query: data=close_3, user_id=1139186144, chat_id=1139186144, admin_chat_id=1139186144
2026-07-30 21:07:51,533 [ERROR] Telegram send error: HTTP Error 401: Unauthorized
2026-07-30 21:07:51,572 [ERROR] Error answering callback query: HTTP Error 401: Unauthorized
2026-07-30 21:07:52,771 [ERROR] Poll error: HTTP Error 401: Unauthorized
2026-07-30 21:07:54,841 [ERROR] Poll error: HTTP Error 401: Unauthorized
2026-07-30 21:07:56,907 [ERROR] Poll error: HTTP Error 401: Unauthorized
2026-07-30 21:07:58,943 [ERROR] Poll error: HTTP Error 401: Unauthorized
2026-07-30 21:08:00,984 [ERROR] Poll error: HTTP Error 401: Unauthorized
2026-07-30 21:08:03,042 [ERROR] Poll error: HTTP Error 401: Unauthorized
2026-07-30 21:08:05,098 [ERROR] Poll error: HTTP Error 401: Unauthorized
2026-07-30 21:08:07,179 [ERROR] Poll error: HTTP Error 401: Unauthorized
2026-07-30 21:08:09,220 [ERROR] Poll error: HTTP Error 401: Unauthorized
2026-07-30 21:08:11,275 [ERROR] Poll error: HTTP Error 401: Unauthorized
2026-07-30 21:08:13,314 [ERROR] Poll error: HTTP Error 401: Unauthorized
2026-07-30 21:08:15,362 [ERROR] Poll error: HTTP Error 401: Unauthorized
2026-07-30 21:08:17,405 [ERROR] Poll error: HTTP Error 401: Unauthorized
2026-07-30 21:08:19,436 [ERROR] Poll error: HTTP Error 401: Unauthorized
2026-07-30 21:08:21,482 [ERROR] Poll error: HTTP Error 401: Unauthorized
2026-07-30 21:08:23,532 [ERROR] Poll error: HTTP Error 401: Unauthorized
2026-07-30 21:08:25,575 [ERROR] Poll error: HTTP Error 401: Unauthorized
2026-07-30 21:08:27,624 [ERROR] Poll error: HTTP Error 401: Unauthorized
2026-07-30 21:08:29,666 [ERROR] Poll error: HTTP Error 401: Unauthorized
2026-07-30 21:08:31,711 [ERROR] Poll error: HTTP Error 401: Unauthorized
2026-07-30 21:08:33,759 [ERROR] Poll error: HTTP Error 401: Unauthorized
2026-07-30 21:08:35,803 [ERROR] Poll error: HTTP Error 401: Unauthorized
2026-07-30 21:08:37,846 [ERROR] Poll error: HTTP Error 401: Unauthorized
2026-07-30 21:08:39,896 [ERROR] Poll error: HTTP Error 401: Unauthorized
2026-07-30 21:08:41,921 [ERROR] Poll error: HTTP Error 401: Unauthorized
2026-07-30 21:08:43,966 [ERROR] Poll error: HTTP Error 401: Unauthorized
2026-07-30 21:08:46,012 [ERROR] Poll error: HTTP Error 401: Unauthorized
2026-07-30 21:08:48,052 [ERROR] Poll error: HTTP Error 401: Unauthorized
2026-07-30 21:08:50,100 [ERROR] Poll error: HTTP Error 401: Unauthorized
2026-07-30 21:08:52,146 [ERROR] Poll error: HTTP Error 401: Unauthorized
2026-07-30 21:08:54,192 [ERROR] Poll error: HTTP Error 401: Unauthorized
2026-07-30 21:08:56,246 [ERROR] Poll error: HTTP Error 401: Unauthorized
2026-07-30 21:08:58,290 [ERROR] Poll error: HTTP Error 401: Unauthorized
2026-07-30 21:09:00,340 [ERROR] Poll error: HTTP Error 401: Unauthorized
2026-07-30 21:09:02,399 [ERROR] Poll error: HTTP Error 401: Unauthorized
2026-07-30 21:09:04,462 [ERROR] Poll error: HTTP Error 401: Unauthorized
2026-07-30 21:09:06,509 [ERROR] Poll error: HTTP Error 401: Unauthorized
2026-07-30 21:09:08,558 [ERROR] Poll error: HTTP Error 401: Unauthorized
2026-07-30 21:09:10,655 [ERROR] Poll error: HTTP Error 401: Unauthorized
2026-07-30 21:09:12,704 [ERROR] Poll error: HTTP Error 401: Unauthorized
2026-07-30 21:09:14,748 [ERROR] Poll error: HTTP Error 401: Unauthorized
2026-07-30 21:09:16,843 [ERROR] Poll error: HTTP Error 401: Unauthorized
2026-07-30 21:09:18,895 [ERROR] Poll error: HTTP Error 401: Unauthorized
2026-07-30 21:09:20,943 [ERROR] Poll error: HTTP Error 401: Unauthorized
2026-07-30 21:09:22,982 [ERROR] Poll error: HTTP Error 401: Unauthorized
2026-07-30 21:09:25,037 [ERROR] Poll error: HTTP Error 401: Unauthorized
2026-07-30 21:09:27,087 [ERROR] Poll error: HTTP Error 401: Unauthorized
2026-07-30 21:09:29,136 [ERROR] Poll error: HTTP Error 401: Unauthorized
2026-07-30 21:09:31,203 [ERROR] Poll error: HTTP Error 401: Unauthorized
2026-07-30 21:09:33,251 [ERROR] Poll error: HTTP Error 401: Unauthorized
2026-07-30 21:09:35,287 [ERROR] Poll error: HTTP Error 401: Unauthorized
2026-07-30 21:09:37,359 [ERROR] Poll error: HTTP Error 401: Unauthorized
2026-07-30 21:09:39,406 [ERROR] Poll error: HTTP Error 401: Unauthorized
2026-07-30 21:09:41,465 [ERROR] Poll error: HTTP Error 401: Unauthorized
2026-07-30 21:09:43,522 [ERROR] Poll error: HTTP Error 401: Unauthorized
2026-07-30 21:09:45,561 [ERROR] Poll error: HTTP Error 401: Unauthorized
2026-07-30 21:09:47,610 [ERROR] Poll error: HTTP Error 401: Unauthorized
2026-07-30 21:09:49,655 [ERROR] Poll error: HTTP Error 401: Unauthorized
2026-07-30 21:09:51,705 [ERROR] Poll error: HTTP Error 401: Unauthorized
2026-07-30 21:09:53,753 [ERROR] Poll error: HTTP Error 401: Unauthorized
2026-07-30 21:09:55,833 [ERROR] Poll error: HTTP Error 401: Unauthorized
2026-07-30 21:09:57,879 [ERROR] Poll error: HTTP Error 401: Unauthorized
2026-07-30 21:09:59,923 [ERROR] Poll error: HTTP Error 401: Unauthorized
2026-07-30 21:10:01,974 [ERROR] Poll error: HTTP Error 401: Unauthorized
2026-07-30 21:10:04,020 [ERROR] Poll error: HTTP Error 401: Unauthorized
2026-07-30 21:10:06,065 [ERROR] Poll error: HTTP Error 401: Unauthorized
2026-07-30 21:10:08,092 [ERROR] Poll error: HTTP Error 401: Unauthorized
2026-07-30 21:10:10,141 [ERROR] Poll error: HTTP Error 401: Unauthorized
2026-07-30 21:10:12,193 [ERROR] Poll error: HTTP Error 401: Unauthorized
2026-07-30 21:10:14,246 [ERROR] Poll error: HTTP Error 401: Unauthorized
2026-07-30 21:10:16,291 [ERROR] Poll error: HTTP Error 401: Unauthorized
2026-07-30 21:10:18,356 [ERROR] Poll error: HTTP Error 401: Unauthorized
2026-07-30 21:10:20,395 [ERROR] Poll error: HTTP Error 401: Unauthorized
2026-07-30 21:10:22,441 [ERROR] Poll error: HTTP Error 401: Unauthorized
2026-07-30 21:10:24,477 [ERROR] Poll error: HTTP Error 401: Unauthorized
2026-07-30 21:10:26,521 [ERROR] Poll error: HTTP Error 401: Unauthorized
2026-07-30 21:10:28,560 [ERROR] Poll error: HTTP Error 401: Unauthorized
2026-07-30 21:10:30,614 [ERROR] Poll error: HTTP Error 401: Unauthorized
2026-07-30 21:10:32,655 [ERROR] Poll error: HTTP Error 401: Unauthorized
2026-07-30 21:10:34,727 [ERROR] Poll error: HTTP Error 401: Unauthorized
2026-07-30 21:10:36,781 [ERROR] Poll error: HTTP Error 401: Unauthorized
2026-07-30 21:10:38,824 [ERROR] Poll error: HTTP Error 401: Unauthorized
2026-07-30 21:10:40,883 [ERROR] Poll error: HTTP Error 401: Unauthorized
2026-07-30 21:10:42,949 [ERROR] Poll error: HTTP Error 401: Unauthorized
2026-07-30 21:10:44,999 [ERROR] Poll error: HTTP Error 401: Unauthorized
2026-07-30 21:10:47,080 [ERROR] Poll error: HTTP Error 401: Unauthorized
2026-07-30 21:10:49,122 [ERROR] Poll error: HTTP Error 401: Unauthorized
2026-07-30 21:10:51,162 [ERROR] Poll error: HTTP Error 401: Unauthorized
2026-07-30 21:10:53,208 [ERROR] Poll error: HTTP Error 401: Unauthorized
2026-07-30 21:10:55,271 [ERROR] Poll error: HTTP Error 401: Unauthorized
2026-07-30 21:10:57,335 [ERROR] Poll error: HTTP Error 401: Unauthorized
2026-07-30 21:10:59,393 [ERROR] Poll error: HTTP Error 401: Unauthorized
2026-07-30 21:11:01,444 [ERROR] Poll error: HTTP Error 401: Unauthorized
2026-07-30 21:11:03,494 [ERROR] Poll error: HTTP Error 401: Unauthorized
2026-07-30 21:11:05,544 [ERROR] Poll error: HTTP Error 401: Unauthorized
2026-07-30 21:11:07,609 [ERROR] Poll error: HTTP Error 401: Unauthorized
2026-07-30 21:11:09,649 [ERROR] Poll error: HTTP Error 401: Unauthorized
2026-07-30 21:11:11,699 [ERROR] Poll error: HTTP Error 401: Unauthorized
2026-07-30 21:11:13,739 [ERROR] Poll error: HTTP Error 401: Unauthorized
2026-07-30 21:11:15,784 [ERROR] Poll error: HTTP Error 401: Unauthorized
2026-07-30 21:11:17,851 [ERROR] Poll error: HTTP Error 401: Unauthorized
2026-07-30 21:11:19,898 [ERROR] Poll error: HTTP Error 401: Unauthorized
2026-07-30 21:11:21,948 [ERROR] Poll error: HTTP Error 401: Unauthorized
2026-07-30 21:11:23,994 [ERROR] Poll error: HTTP Error 401: Unauthorized
2026-07-30 21:11:26,037 [ERROR] Poll error: HTTP Error 401: Unauthorized
2026-07-30 21:11:28,074 [ERROR] Poll error: HTTP Error 401: Unauthorized
2026-07-30 21:11:30,135 [ERROR] Poll error: HTTP Error 401: Unauthorized
2026-07-30 21:11:32,180 [ERROR] Poll error: HTTP Error 401: Unauthorized
2026-07-30 21:11:34,225 [ERROR] Poll error: HTTP Error 401: Unauthorized
2026-07-30 21:11:36,263 [ERROR] Poll error: HTTP Error 401: Unauthorized
2026-07-30 21:11:38,306 [ERROR] Poll error: HTTP Error 401: Unauthorized
2026-07-30 21:11:40,348 [ERROR] Poll error: HTTP Error 401: Unauthorized
2026-07-30 21:11:42,394 [ERROR] Poll error: HTTP Error 401: Unauthorized
2026-07-30 21:11:44,449 [ERROR] Poll error: HTTP Error 401: Unauthorized
2026-07-30 21:11:46,497 [ERROR] Poll error: HTTP Error 401: Unauthorized
2026-07-30 21:11:48,532 [ERROR] Poll error: HTTP Error 401: Unauthorized
2026-07-30 21:11:50,601 [ERROR] Poll error: HTTP Error 401: Unauthorized
2026-07-30 21:11:52,655 [ERROR] Poll error: HTTP Error 401: Unauthorized
2026-07-30 21:11:54,709 [ERROR] Poll error: HTTP Error 401: Unauthorized
2026-07-30 21:11:56,753 [ERROR] Poll error: HTTP Error 401: Unauthorized
2026-07-30 21:11:58,821 [ERROR] Poll error: HTTP Error 401: Unauthorized
2026-07-30 21:12:00,879 [ERROR] Poll error: HTTP Error 401: Unauthorized
2026-07-30 21:12:02,931 [ERROR] Poll error: HTTP Error 401: Unauthorized
2026-07-30 21:12:04,985 [ERROR] Poll error: HTTP Error 401: Unauthorized
2026-07-30 21:12:07,039 [ERROR] Poll error: HTTP Error 401: Unauthorized
2026-07-30 21:12:09,085 [ERROR] Poll error: HTTP Error 401: Unauthorized
2026-07-30 21:12:11,126 [ERROR] Poll error: HTTP Error 401: Unauthorized
2026-07-30 21:12:13,179 [ERROR] Poll error: HTTP Error 401: Unauthorized
2026-07-30 21:12:15,224 [ERROR] Poll error: HTTP Error 401: Unauthorized
2026-07-30 21:12:17,268 [ERROR] Poll error: HTTP Error 401: Unauthorized
2026-07-30 21:12:19,325 [ERROR] Poll error: HTTP Error 401: Unauthorized
2026-07-30 21:12:21,355 [ERROR] Poll error: HTTP Error 401: Unauthorized
2026-07-30 21:12:23,401 [ERROR] Poll error: HTTP Error 401: Unauthorized
2026-07-30 21:12:25,435 [ERROR] Poll error: HTTP Error 401: Unauthorized
2026-07-30 21:12:27,470 [ERROR] Poll error: HTTP Error 401: Unauthorized
2026-07-30 21:12:29,510 [ERROR] Poll error: HTTP Error 401: Unauthorized
2026-07-30 21:12:31,562 [ERROR] Poll error: HTTP Error 401: Unauthorized
2026-07-30 21:12:33,605 [ERROR] Poll error: HTTP Error 401: Unauthorized
2026-07-30 21:12:35,647 [ERROR] Poll error: HTTP Error 401: Unauthorized
2026-07-30 21:12:37,679 [ERROR] Poll error: HTTP Error 401: Unauthorized
2026-07-30 21:12:39,725 [ERROR] Poll error: HTTP Error 401: Unauthorized
2026-07-30 21:12:41,758 [ERROR] Poll error: HTTP Error 401: Unauthorized
2026-07-30 21:12:43,814 [ERROR] Poll error: HTTP Error 401: Unauthorized
2026-07-30 21:12:45,863 [ERROR] Poll error: HTTP Error 401: Unauthorized
2026-07-30 21:12:47,914 [ERROR] Poll error: HTTP Error 401: Unauthorized
2026-07-30 21:12:49,964 [ERROR] Poll error: HTTP Error 401: Unauthorized
2026-07-30 21:12:52,005 [ERROR] Poll error: HTTP Error 401: Unauthorized
2026-07-30 21:12:54,055 [ERROR] Poll error: HTTP Error 401: Unauthorized
2026-07-30 21:12:56,108 [ERROR] Poll error: HTTP Error 401: Unauthorized
2026-07-30 21:12:58,156 [ERROR] Poll error: HTTP Error 401: Unauthorized
2026-07-30 21:13:00,228 [ERROR] Poll error: HTTP Error 401: Unauthorized
2026-07-30 21:13:02,268 [ERROR] Poll error: HTTP Error 401: Unauthorized
2026-07-30 21:13:04,311 [ERROR] Poll error: HTTP Error 401: Unauthorized
2026-07-30 21:13:06,350 [ERROR] Poll error: HTTP Error 401: Unauthorized
2026-07-30 21:13:08,394 [ERROR] Poll error: HTTP Error 401: Unauthorized
2026-07-30 21:13:10,441 [ERROR] Poll error: HTTP Error 401: Unauthorized
2026-07-30 21:13:12,488 [ERROR] Poll error: HTTP Error 401: Unauthorized
2026-07-30 21:13:14,523 [ERROR] Poll error: HTTP Error 401: Unauthorized
2026-07-30 21:13:16,566 [ERROR] Poll error: HTTP Error 401: Unauthorized
2026-07-30 21:13:18,612 [ERROR] Poll error: HTTP Error 401: Unauthorized
2026-07-30 21:13:20,642 [ERROR] Poll error: HTTP Error 401: Unauthorized
2026-07-30 21:13:22,673 [ERROR] Poll error: HTTP Error 401: Unauthorized
2026-07-30 21:13:24,722 [ERROR] Poll error: HTTP Error 401: Unauthorized
2026-07-30 21:13:26,765 [ERROR] Poll error: HTTP Error 401: Unauthorized
2026-07-30 21:13:28,813 [ERROR] Poll error: HTTP Error 401: Unauthorized
2026-07-30 21:13:30,895 [ERROR] Poll error: HTTP Error 401: Unauthorized
2026-07-30 21:13:32,944 [ERROR] Poll error: HTTP Error 401: Unauthorized
2026-07-30 21:13:34,987 [ERROR] Poll error: HTTP Error 401: Unauthorized
2026-07-30 21:13:37,049 [ERROR] Poll error: HTTP Error 401: Unauthorized
2026-07-30 21:13:39,094 [ERROR] Poll error: HTTP Error 401: Unauthorized
2026-07-30 21:13:41,139 [ERROR] Poll error: HTTP Error 401: Unauthorized
2026-07-30 21:13:43,173 [ERROR] Poll error: HTTP Error 401: Unauthorized
2026-07-30 21:13:45,215 [ERROR] Poll error: HTTP Error 401: Unauthorized
2026-07-30 21:13:47,249 [ERROR] Poll error: HTTP Error 401: Unauthorized
2026-07-30 21:13:49,298 [ERROR] Poll error: HTTP Error 401: Unauthorized
2026-07-30 21:13:51,332 [ERROR] Poll error: HTTP Error 401: Unauthorized
2026-07-30 21:13:53,441 [ERROR] Poll error: HTTP Error 401: Unauthorized
2026-07-30 21:13:55,496 [ERROR] Poll error: HTTP Error 401: Unauthorized
2026-07-30 21:13:57,538 [ERROR] Poll error: HTTP Error 401: Unauthorized
2026-07-30 21:13:59,586 [ERROR] Poll error: HTTP Error 401: Unauthorized
2026-07-30 21:14:01,657 [ERROR] Poll error: HTTP Error 401: Unauthorized
2026-07-30 21:14:03,704 [ERROR] Poll error: HTTP Error 401: Unauthorized
2026-07-30 21:14:05,754 [ERROR] Poll error: HTTP Error 401: Unauthorized
2026-07-30 21:14:07,792 [ERROR] Poll error: HTTP Error 401: Unauthorized
2026-07-30 21:14:09,831 [ERROR] Poll error: HTTP Error 401: Unauthorized
2026-07-30 21:14:11,905 [ERROR] Poll error: HTTP Error 401: Unauthorized
2026-07-30 21:14:13,951 [ERROR] Poll error: HTTP Error 401: Unauthorized
2026-07-30 21:14:15,995 [ERROR] Poll error: HTTP Error 401: Unauthorized
2026-07-30 21:14:18,043 [ERROR] Poll error: HTTP Error 401: Unauthorized
2026-07-30 21:14:20,082 [ERROR] Poll error: HTTP Error 401: Unauthorized
2026-07-30 21:14:22,119 [ERROR] Poll error: HTTP Error 401: Unauthorized
2026-07-30 21:14:24,176 [ERROR] Poll error: HTTP Error 401: Unauthorized
2026-07-30 21:14:26,222 [ERROR] Poll error: HTTP Error 401: Unauthorized
2026-07-30 21:14:28,274 [ERROR] Poll error: HTTP Error 401: Unauthorized
2026-07-30 21:14:30,334 [ERROR] Poll error: HTTP Error 401: Unauthorized
2026-07-30 21:14:32,380 [ERROR] Poll error: HTTP Error 401: Unauthorized
2026-07-30 21:14:34,429 [ERROR] Poll error: HTTP Error 401: Unauthorized
2026-07-30 21:14:36,482 [ERROR] Poll error: HTTP Error 401: Unauthorized
2026-07-30 21:14:38,523 [ERROR] Poll error: HTTP Error 401: Unauthorized
2026-07-30 21:14:40,565 [ERROR] Poll error: HTTP Error 401: Unauthorized
2026-07-30 21:14:42,611 [ERROR] Poll error: HTTP Error 401: Unauthorized
2026-07-30 21:14:44,668 [ERROR] Poll error: HTTP Error 401: Unauthorized
2026-07-30 21:14:46,708 [ERROR] Poll error: HTTP Error 401: Unauthorized
2026-07-30 21:14:48,758 [ERROR] Poll error: HTTP Error 401: Unauthorized
2026-07-30 21:14:50,794 [ERROR] Poll error: HTTP Error 401: Unauthorized
2026-07-30 21:14:52,848 [ERROR] Poll error: HTTP Error 401: Unauthorized
2026-07-30 21:14:54,889 [ERROR] Poll error: HTTP Error 401: Unauthorized
2026-07-30 21:14:56,934 [ERROR] Poll error: HTTP Error 401: Unauthorized
2026-07-30 21:14:58,994 [ERROR] Poll error: HTTP Error 401: Unauthorized
2026-07-30 21:15:01,057 [ERROR] Poll error: HTTP Error 401: Unauthorized
2026-07-30 21:15:03,104 [ERROR] Poll error: HTTP Error 401: Unauthorized
2026-07-30 21:15:05,199 [ERROR] Poll error: HTTP Error 401: Unauthorized
